SIZE 66
Current Fragment Length 4
[0, 1, 2, 3, 4, 5, 6, 7, 8, 9, 10, 11, 12, 13, 14, 15, 16, 17, 18, 19, 20, 21, 22, 23, 24, 25, 26, 27, 28, 29, 30, 31, 32, 33, 34, 35, 36, 37, 38, 39, 40, 41, 42, 43, 44, 45, 46, 47, 48, 49, 50, 51, 52, 53, 54, 55, 56, 57, 58, 59, 60, 61, 62, 63, 64, 65]
atom append to fragment
atom append to fragment
atom append to fragment
atom append to fragment
Current Fragment Length 4
[0, 1, 2, 3, 4, 5, 6, 7, 8, 9, 10, 11, 12, 13, 14, 15, 16, 17, 18, 19, 20, 21, 22, 23, 24, 25, 26, 27, 28, 29, 30, 31, 32, 33, 34, 35, 36, 40, 41, 42, 43, 44, 45, 46, 47, 48, 49, 50, 51, 52, 54, 55, 56, 57, 58, 59, 60, 61, 62, 63, 64, 65]
atom append to fragment
atom append to fragment
atom append to fragment
atom append to fragment
Current Fragment Length 4
[1, 2, 3, 4, 5, 6, 7, 8, 9, 10, 11, 12, 13, 16, 17, 18, 19, 20, 21, 22, 23, 24, 25, 26, 27, 28, 29, 30, 31, 32, 33, 34, 35, 36, 40, 41, 42, 43, 44, 46, 47, 48, 49, 50, 51, 52, 54, 55, 56, 57, 58, 59, 60, 61, 62, 63, 64, 65]
atom append to fragment
atom append to fragment
atom append to fragment
atom append to fragment
Current Fragment Length 4
[1, 2, 3, 4, 5, 6, 7, 8, 9, 10, 11, 12, 13, 16, 17, 18, 19, 20, 21, 22, 23, 24, 25, 26, 27, 28, 29, 31, 34, 35, 36, 40, 41, 42, 43, 44, 46, 47, 49, 50, 51, 52, 54, 55, 56, 57, 58, 59, 60, 61, 62, 63, 64, 65]
atom append to fragment
atom append to fragment
atom append to fragment
atom append to fragment
Current Fragment Length 4
[1, 2, 3, 6, 7, 8, 9, 10, 11, 16, 17, 18, 19, 20, 21, 22, 23, 24, 25, 26, 27, 28, 29, 31, 34, 35, 36, 40, 41, 42, 43, 44, 46, 47, 49, 50, 51, 52, 54, 55, 56, 57, 58, 59, 60, 61, 62, 63, 64, 65]
atom append to fragment
atom append to fragment
atom append to fragment
atom append to fragment
Current Fragment Length 4
[1, 2, 3, 6, 7, 8, 9, 10, 11, 16, 17, 18, 19, 20, 23, 24, 25, 26, 27, 28, 29, 31, 34, 35, 36, 40, 41, 42, 43, 44, 46, 47, 50, 51, 52, 54, 56, 57, 58, 59, 60, 61, 62, 63, 64, 65]
atom append to fragment
atom append to fragment
atom append to fragment
atom append to fragment
Current Fragment Length 1
[1, 2, 3, 6, 7, 8, 9, 10, 11, 16, 17, 18, 19, 20, 23, 24, 25, 26, 27, 28, 29, 31, 34, 35, 36, 42, 43, 46, 47, 50, 51, 54, 56, 57, 58, 59, 60, 61, 62, 63, 64, 65]
atom append to fragment
Current Fragment Length 2
[1, 2, 3, 6, 7, 8, 9, 10, 11, 16, 17, 18, 19, 20, 23, 24, 25, 26, 27, 28, 29, 31, 34, 35, 36, 42, 43, 47, 50, 51, 54, 56, 57, 58, 59, 60, 61, 62, 63, 64, 65]
atom append to fragment
atom append to fragment
Current Fragment Length 4
[1, 2, 3, 6, 7, 8, 9, 10, 11, 16, 17, 18, 19, 20, 23, 25, 26, 27, 28, 29, 31, 34, 35, 36, 42, 43, 47, 50, 51, 54, 56, 57, 58, 59, 60, 61, 62, 63, 64]
atom append to fragment
atom append to fragment
atom append to fragment
atom append to fragment
Current Fragment Length 2
[1, 2, 3, 6, 7, 8, 9, 10, 16, 17, 18, 19, 25, 26, 27, 28, 31, 34, 35, 36, 42, 43, 47, 50, 51, 54, 56, 57, 58, 59, 60, 61, 62, 63, 64]
atom append to fragment
atom append to fragment
Current Fragment Length 5
[1, 3, 6, 7, 8, 9, 10, 16, 17, 18, 19, 25, 26, 27, 28, 31, 35, 36, 42, 43, 47, 50, 51, 54, 56, 57, 58, 59, 60, 61, 62, 63, 64]
atom append to fragment
atom append to fragment
atom append to fragment
atom append to fragment
atom append to fragment
Current Fragment Length 3
[1, 3, 6, 7, 10, 16, 17, 25, 26, 27, 28, 35, 36, 42, 43, 47, 50, 51, 54, 56, 57, 58, 59, 60, 61, 62, 63, 64]
atom append to fragment
atom append to fragment
atom append to fragment
Current Fragment Length 1
[1, 3, 6, 7, 10, 16, 17, 25, 26, 27, 28, 35, 36, 42, 43, 47, 50, 51, 54, 56, 58, 61, 62, 63, 64]
atom append to fragment
Current Fragment Length 1
[1, 3, 6, 7, 10, 16, 17, 25, 26, 27, 28, 35, 42, 43, 47, 50, 51, 54, 56, 58, 61, 62, 63, 64]
atom append to fragment
Current Fragment Length 2
[1, 3, 6, 7, 10, 16, 17, 26, 27, 28, 35, 42, 43, 47, 50, 51, 54, 56, 58, 61, 62, 63, 64]
atom append to fragment
atom append to fragment
Current Fragment Length 1
[1, 3, 6, 7, 10, 16, 17, 26, 27, 28, 35, 42, 43, 47, 54, 56, 58, 61, 62, 63, 64]
atom append to fragment
Current Fragment Length 1
[1, 3, 6, 7, 10, 16, 17, 26, 27, 28, 35, 42, 43, 47, 54, 56, 58, 61, 63, 64]
atom append to fragment
Current Fragment Length 1
[1, 3, 6, 7, 10, 16, 17, 27, 28, 35, 42, 43, 47, 54, 56, 58, 61, 63, 64]
atom append to fragment
Current Fragment Length 4
[1, 3, 7, 10, 16, 17, 27, 28, 35, 42, 43, 47, 54, 56, 58, 61, 63, 64]
atom append to fragment
atom append to fragment
atom append to fragment
atom append to fragment
Current Fragment Length 1
[1, 3, 7, 16, 17, 27, 28, 35, 47, 54, 58, 61, 63, 64]
atom append to fragment
Current Fragment Length 1
[1, 3, 7, 16, 17, 28, 35, 47, 54, 58, 61, 63, 64]
atom append to fragment
Current Fragment Length 1
[1, 3, 7, 16, 17, 35, 47, 54, 58, 61, 63, 64]
atom append to fragment
Current Fragment Length 4
[1, 3, 7, 16, 17, 35, 47, 54, 58, 61, 64]
atom append to fragment
atom append to fragment
atom append to fragment
atom append to fragment
Current Fragment Length 1
[1, 3, 7, 47, 54, 58, 61]
atom append to fragment
Current Fragment Length 1
[1, 3, 7, 47, 58, 61]
atom append to fragment
Current Fragment Length 1
[1, 7, 47, 58, 61]
atom append to fragment
Current Fragment Length 1
[1, 7, 47, 61]
atom append to fragment
Current Fragment Length 1
[1, 7, 47]
atom append to fragment
Current Fragment Length 1
[1, 7]
atom append to fragment
Current Fragment Length 1
[1]
atom append to fragment
[[37, 38, 39, 53], [0, 14, 15, 45], [30, 32, 33, 48], [4, 5, 12, 13], [21, 22, 49, 55], [40, 41, 44, 52], [46], [24, 65], [11, 20, 23, 29], [2, 34], [8, 9, 18, 19, 31], [57, 59, 60], [36], [25], [50, 51], [62], [26], [6], [10, 42, 43, 56], [27], [28], [63], [16, 17, 35, 64], [54], [3], [58], [61], [47], [7], [1]]
37
38
39
53
[[ 4.35   0.769 24.174]
 [ 4.161  1.981 24.269]
 [ 4.065 -0.12  25.151]
 [ 3.72   0.313 26.515]]
0
14
15
45
[[ 2.585  0.677 13.085]
 [ 3.492  0.104 12.073]
 [ 4.271  0.817 11.296]
 [ 4.359  2.033 11.367]]
30
32
33
48
[[ 3.35  -0.122 21.014]
 [ 3.366 -1.339 21.14 ]
 [ 4.067  0.688 21.768]
 [ 4.888  0.205 22.851]]
4
5
12
13
[[ 1.027e+00 -2.022e+00  6.720e+00]
 [ 8.400e-01 -8.540e-01  6.792e+00]
 [ 3.191e+00 -4.290e-01  7.101e+00]
 [ 1.810e+00  2.000e-03  7.023e+00]]
21
22
49
55
[[-3.381  0.125  2.953]
 [-4.357 -0.673  2.588]
 [-2.062 -0.39   3.274]
 [-4.212 -1.87   2.492]]
40
41
44
52
[[ 3.911  0.258  8.229]
 [ 4.364 -0.527  9.189]
 [ 4.064  1.478  8.228]
 [ 5.067  0.02  10.326]]
46
[[ 7.152  0.297 23.874]]
24
65
[[ 5.688  0.75  16.389]
 [ 6.264  0.13  15.236]]
11
20
23
29
[[ 3.424  0.965 17.631]
 [ 3.136  2.11  17.612]
 [ 3.173  0.129 18.647]
 [ 2.559  0.516 19.903]]
2
34
[[ 1.138 -0.021 19.983]
 [ 0.393  0.394 18.824]]
8
9
18
19
31
[[ 5.247 -0.643  5.581]
 [ 6.108 -1.197  6.448]
 [ 5.861 -0.689  4.353]
 [ 7.059 -1.227  4.482]
 [ 7.239 -1.523  5.751]]
57
59
60
[[ 4.941  0.14  27.42 ]
 [ 5.25   0.955 28.294]
 [ 5.714 -0.809 27.287]]
36
[[ 3.871 -0.103  5.748]]
25
[[ 6.362  0.614 22.652]]
50
51
[[-5.714e+00  2.000e-03  2.373e+00]
 [-6.815e+00 -6.680e-01  1.607e+00]]
62
[[ 0.248  0.675 14.038]]
26
[[ 6.953 -0.121 21.455]]
6
[[-0.993 -0.045  2.197]]
10
42
43
56
[[ 4.163  0.392 16.442]
 [ 3.006  0.047 14.361]
 [ 3.481  0.887 15.262]
 [ 2.958 -1.169 14.515]]
27
[[-1.411 -0.913  7.797]]
28
[[-0.727 -0.645  9.123]]
63
[[-2.8   -0.349  7.789]]
16
17
35
64
[[-1.636  0.175  4.6  ]
 [-1.095 -0.7    5.415]
 [-0.572 -0.311  6.669]
 [-1.744  1.356  4.862]]
54
[[ 6.42   0.21  17.569]]
3
[[ 0.486  0.501 21.167]]
58
[[-1.378 -0.662  0.897]]
61
[[ 2.499 -0.422 27.062]]
47
[[ 0.674  1.047 11.596]]
7
[[ 0.39  -0.488  2.64 ]]
1
[[ 1.127  0.33  12.827]]
[Atoms(symbols='CONC', pbc=False), Atoms(symbols='CNCO', pbc=False), Atoms(symbols='CONC', pbc=False), Atoms(symbols='OC2N', pbc=False), Atoms(symbols='NC2O', pbc=False), Atoms(symbols='CNOC', pbc=False), Atoms(symbols='C', pbc=False), Atoms(symbols='CO', pbc=False), Atoms(symbols='CONC', pbc=False), Atoms(symbols='CO', pbc=False), Atoms(symbols='C2NCN', pbc=False), Atoms(symbols='CO2', pbc=False), Atoms(symbols='C', pbc=False), Atoms(symbols='C', pbc=False), Atoms(symbols='CN', pbc=False), Atoms(symbols='C', pbc=False), Atoms(symbols='C', pbc=False), Atoms(symbols='C', pbc=False), Atoms(symbols='C2NO', pbc=False), Atoms(symbols='C', pbc=False), Atoms(symbols='C', pbc=False), Atoms(symbols='C', pbc=False), Atoms(symbols='CNCO', pbc=False), Atoms(symbols='C', pbc=False), Atoms(symbols='C', pbc=False), Atoms(symbols='C', pbc=False), Atoms(symbols='C', pbc=False), Atoms(symbols='C', pbc=False), Atoms(symbols='C', pbc=False), Atoms(symbols='C', pbc=False)]
0
4
8
12
16
20
24
26
30
32
37
40
42
46
